---
source: tests/cli_snapshots.rs
expression: "run(&[\"transactions\", \"list\", \"--date\", \"12-15-2025\"])"
---
╭────────────┬────────────┬──────────┬──────────┬──────────┬──────────┬─────────╮
│ date       ┆ name       ┆ amount   ┆ reviewed ┆ category ┆ tags     ┆ type    │
╞════════════╪════════════╪══════════╪══════════╪══════════╪══════════╪═════════╡
│ 2025-12-15 ┆ Venmo      ┆ -$100.00 ┆          ┆ Other    ┆          ┆ REGULAR │
├╌╌╌╌╌╌╌╌╌╌╌╌┼╌╌╌╌╌╌╌╌╌╌╌╌┼╌╌╌╌╌╌╌╌╌╌┼╌╌╌╌╌╌╌╌╌╌┼╌╌╌╌╌╌╌╌╌╌┼╌╌╌╌╌╌╌╌╌╌┼╌╌╌╌╌╌╌╌╌┤
│ 2025-12-15 ┆ Amazon.com ┆  -$57.48 ┆ ✓        ┆ Shops    ┆ Shopping ┆ REGULAR │
╰────────────┴────────────┴──────────┴──────────┴──────────┴──────────┴─────────╯
